C51 COMPILER V9.06   LCD                                                                   04/19/2015 18:58:08 PAGE 1   


C51 COMPILER V9.06, COMPILATION OF MODULE LCD
OBJECT MODULE PLACED IN ..\Proteus simulation\lcd.obj
COMPILER INVOKED BY: C:\Keil\C51\BIN\C51.EXE lcd.c BROWSE DEBUG OBJECTEXTEND OBJECT(..\Proteus simulation\lcd.obj)

line level    source

   1          #include <reg51.h>
   2          #include "lcd.h"
   3          #include "delay.h"
   4          
   5          void lcdcmd(char a)
   6          {
   7   1              LCDport = a;
   8   1              RS = 0;
   9   1              RW = 0;
  10   1              EN = 1;
  11   1              delay(10);
  12   1              EN = 0;
  13   1      }
  14          
  15          void lcdbegin()
  16          {
  17   1              lcdcmd(0x38);
  18   1              delay(1);
  19   1              lcdcmd(0x0e);
  20   1              delay(1);
  21   1              lcdcmd(0x01);
  22   1              delay(1);
  23   1              lcdcmd(0x06);
  24   1              delay(1);
  25   1              lcdcmd(0x80);
  26   1              delay(1);
  27   1      }
  28          
  29          void lcdprint(char *buffer)
  30          {
  31   1              int i = 0;
  32   1              while(buffer[i] != '\0')
  33   1              {
  34   2                      LCDport = buffer[i];
  35   2                      RS = 1;
  36   2                      RW = 0;
  37   2                      EN = 1;
  38   2                      delay(10);
  39   2                      EN = 0;
  40   2                      i++;
  41   2              }
  42   1      }
  43          
  44          void lcdsetCursor(char col,char row)
  45          {
  46   1              if(row == 0)
  47   1              {
  48   2                      lcdcmd(0x80 + col);
  49   2              }
  50   1              else
  51   1              {
  52   2                      lcdcmd(0xC0 + col);
  53   2              }
  54   1      }
  55          
C51 COMPILER V9.06   LCD                                                                   04/19/2015 18:58:08 PAGE 2   

  56          void lcdclear()
  57          {
  58   1              lcdcmd(0x01);
  59   1              delay(1);
  60   1      }


MODULE INFORMATION:   STATIC OVERLAYABLE
   CODE SIZE        =    166    ----
   CONSTANT SIZE    =   ----    ----
   XDATA SIZE       =   ----    ----
   PDATA SIZE       =   ----    ----
   DATA SIZE        =   ----       6
   IDATA SIZE       =   ----    ----
   BIT SIZE         =   ----    ----
END OF MODULE INFORMATION.


C51 COMPILATION COMPLETE.  0 WARNING(S),  0 ERROR(S)
