C51 COMPILER V9.06   KEYPAD                                                                03/15/2015 00:29:45 PAGE 1   


C51 COMPILER V9.06, COMPILATION OF MODULE KEYPAD
OBJECT MODULE PLACED IN ..\Proteus simulation\keypad.obj
COMPILER INVOKED BY: C:\Keil\C51\BIN\C51.EXE keypad.c BROWSE DEBUG OBJECTEXTEND OBJECT(..\Proteus simulation\keypad.obj)

line level    source

   1          #include <reg51.h>
   2          #include "keypad.h"
   3          
   4          void delay_us(int a)
   5          {
   6   1         int i;
   7   1         for(i=0;i<a;i++);   //null statement
   8   1      }
   9          
  10          char read_key(void)                                     //       0xC0,0xF9,0xA4,0xB0,0x99,0x92,0x82,0xF8,0x80,0x90 
  11          {       
  12   1              RowA = 0; RowB = 1; RowC = 1; RowD = 1;         //Test Row A
  13   1      
  14   1              if (C1 == 0) { delay_us(10000); while (C1==0); return 0xC0; }
  15   1              if (C2 == 0) { delay_us(10000); while (C2==0); return 0xF9; }
  16   1              if (C3 == 0) { delay_us(10000); while (C3==0); return 0xA4; }
  17   1              if (C4 == 0) { delay_us(10000); while (C4==0); return 0xB0; }
  18   1      
  19   1              RowA = 1; RowB = 0; RowC = 1; RowD = 1;         //Test Row B
  20   1      
  21   1              if (C1 == 0) { delay_us(10000); while (C1==0); return 0x99; }
  22   1              if (C2 == 0) { delay_us(10000); while (C2==0); return 0x92; }
  23   1              if (C3 == 0) { delay_us(10000); while (C3==0); return 0x82; }
  24   1              if (C4 == 0) { delay_us(10000); while (C4==0); return 0xF8; }
  25   1              
  26   1              RowA = 1; RowB = 1; RowC = 0; RowD = 1;         //Test Row C
  27   1      
  28   1              if (C1 == 0) { delay_us(10000); while (C1==0); return 0x80; }
  29   1              if (C2 == 0) { delay_us(10000); while (C2==0); return 0x90; }
  30   1              if (C3 == 0) { delay_us(10000); while (C3==0); return '3'; }
  31   1              if (C4 == 0) { delay_us(10000); while (C4==0); return '-'; }
  32   1              
  33   1              RowA = 1; RowB = 1; RowC = 1; RowD = 0;         //Test Row D
  34   1      
  35   1              if (C1 == 0) { delay_us(10000); while (C1==0); return 'C'; }
  36   1              if (C2 == 0) { delay_us(10000); while (C2==0); return '0'; }
  37   1              if (C3 == 0) { delay_us(10000); while (C3==0); return '='; }
  38   1              if (C4 == 0) { delay_us(10000); while (C4==0); return '+'; }
  39   1      
  40   1              return 'n';             // Means no key has been pressed
  41   1      }
  42          
  43          char get_key()
  44          {
  45   1               char key;
  46   1               key = 'n';
  47   1               while(key == 'n')
  48   1               {
  49   2                      key = read_key();       // Get pressed key
  50   2               }
  51   1               return key;
  52   1      }


MODULE INFORMATION:   STATIC OVERLAYABLE
C51 COMPILER V9.06   KEYPAD                                                                03/15/2015 00:29:45 PAGE 2   

   CODE SIZE        =    266    ----
   CONSTANT SIZE    =   ----    ----
   XDATA SIZE       =   ----    ----
   PDATA SIZE       =   ----    ----
   DATA SIZE        =   ----    ----
   IDATA SIZE       =   ----    ----
   BIT SIZE         =   ----    ----
END OF MODULE INFORMATION.


C51 COMPILATION COMPLETE.  0 WARNING(S),  0 ERROR(S)
